<http://www.semanticweb.org/alicia/ontologies/2020/8/singleCellRepositories#ValveCell> SubClassOf <http://www.semanticweb.org/alicia/ontologies/2020/8/singleCellRepositories#NativeCells>
 DisjointClasses: <http://www.semanticweb.org/alicia/ontologies/2020/8/singleCellRepositories#Matrix>  <http://www.semanticweb.org/alicia/ontologies/2020/8/singleCellRepositories#Metadata>  <http://www.semanticweb.org/alicia/ontologies/2020/8/singleCellRepositories#Preprocessing>  <http://www.semanticweb.org/alicia/ontologies/2020/8/singleCellRepositories#Results>
<http://www.semanticweb.org/alicia/ontologies/2020/8/singleCellRepositories#Metadata> SubClassOf <http://www.semanticweb.org/alicia/ontologies/2020/8/singleCellRepositories#Downloads>
<http://www.semanticweb.org/alicia/ontologies/2020/8/singleCellRepositories#MononuclearOsteoclast> SubClassOf <http://www.semanticweb.org/alicia/ontologies/2020/8/singleCellRepositories#MononuclearCell>
<http://www.semanticweb.org/alicia/ontologies/2020/8/singleCellRepositories#His-PurkinjeSystemCell> SubClassOf <http://www.semanticweb.org/alicia/ontologies/2020/8/singleCellRepositories#NativeCells>
<http://www.semanticweb.org/alicia/ontologies/2020/8/singleCellRepositories#FoamCell> SubClassOf <http://www.semanticweb.org/alicia/ontologies/2020/8/singleCellRepositories#NativeCells>
<http://www.semanticweb.org/alicia/ontologies/2020/8/singleCellRepositories#HematopoieticPrecursorCell> SubClassOf <http://www.semanticweb.org/alicia/ontologies/2020/8/singleCellRepositories#HematopoieticCell>
<http://www.semanticweb.org/alicia/ontologies/2020/8/singleCellRepositories#NeuralCell> SubClassOf <http://www.semanticweb.org/alicia/ontologies/2020/8/singleCellRepositories#Animal>
<http://www.semanticweb.org/alicia/ontologies/2020/8/singleCellRepositories#CellsInVitro> SubClassOf <http://www.semanticweb.org/alicia/ontologies/2020/8/singleCellRepositories#CellType>
<http://www.semanticweb.org/alicia/ontologies/2020/8/singleCellRepositories#HypothalamusNativeCell> SubClassOf <http://www.semanticweb.org/alicia/ontologies/2020/8/singleCellRepositories#NativeCells>
<http://www.semanticweb.org/alicia/ontologies/2020/8/singleCellRepositories#System> SubClassOf <http://www.semanticweb.org/alicia/ontologies/2020/8/singleCellRepositories#OrganismPart>
<http://www.semanticweb.org/alicia/ontologies/2020/8/singleCellRepositories#CellProjection> SubClassOf <http://www.semanticweb.org/alicia/ontologies/2020/8/singleCellRepositories#CellType>
<http://www.semanticweb.org/alicia/ontologies/2020/8/singleCellRepositories#HematopoieticOligopotentProgenitorCell> SubClassOf <http://www.semanticweb.org/alicia/ontologies/2020/8/singleCellRepositories#HematopoieticPrecursorCell>
<http://www.semanticweb.org/alicia/ontologies/2020/8/singleCellRepositories#AbsorptiveCell> SubClassOf <http://www.semanticweb.org/alicia/ontologies/2020/8/singleCellRepositories#NativeCells>
<http://www.semanticweb.org/alicia/ontologies/2020/8/singleCellRepositories#MyeloidLeukocyte> SubClassOf <http://www.semanticweb.org/alicia/ontologies/2020/8/singleCellRepositories#Leukocyte>
<http://www.semanticweb.org/alicia/ontologies/2020/8/singleCellRepositories#DiseaseOfAnatomicalEntity> SubClassOf <http://www.semanticweb.org/alicia/ontologies/2020/8/singleCellRepositories#Disease>
 DisjointClasses: <http://www.semanticweb.org/alicia/ontologies/2020/8/singleCellRepositories#Cryopreservation>  <http://www.semanticweb.org/alicia/ontologies/2020/8/singleCellRepositories#Fresh>  <http://www.semanticweb.org/alicia/ontologies/2020/8/singleCellRepositories#Hypothermic>
<http://www.semanticweb.org/alicia/ontologies/2020/8/singleCellRepositories#Fresh> SubClassOf <http://www.semanticweb.org/alicia/ontologies/2020/8/singleCellRepositories#Preservation>
<http://www.semanticweb.org/alicia/ontologies/2020/8/singleCellRepositories#ElectricallyActiveCell> SubClassOf <http://www.semanticweb.org/alicia/ontologies/2020/8/singleCellRepositories#NativeCells>
<http://www.semanticweb.org/alicia/ontologies/2020/8/singleCellRepositories#10XSequencing> SubClassOf <http://www.semanticweb.org/alicia/ontologies/2020/8/singleCellRepositories#SequencingLibrary>
<http://www.semanticweb.org/alicia/ontologies/2020/8/singleCellRepositories#OtherSequencing> DisjointWith <http://www.semanticweb.org/alicia/ontologies/2020/8/singleCellRepositories#10XSequencing>
<http://www.semanticweb.org/alicia/ontologies/2020/8/singleCellRepositories#TransportingCell> SubClassOf <http://www.semanticweb.org/alicia/ontologies/2020/8/singleCellRepositories#NativeCells>
<http://www.semanticweb.org/alicia/ontologies/2020/8/singleCellRepositories#Region> SubClassOf <http://www.semanticweb.org/alicia/ontologies/2020/8/singleCellRepositories#OrganismPart>
<http://www.semanticweb.org/alicia/ontologies/2020/8/singleCellRepositories#SebaceousGlandNativeCell> SubClassOf <http://www.semanticweb.org/alicia/ontologies/2020/8/singleCellRepositories#NativeCells>
<http://www.semanticweb.org/alicia/ontologies/2020/8/singleCellRepositories#Monogenic> SubClassOf <http://www.semanticweb.org/alicia/ontologies/2020/8/singleCellRepositories#GeneticDisease>
<http://www.semanticweb.org/alicia/ontologies/2020/8/singleCellRepositories#Mendelian> EquivalentTo <http://www.semanticweb.org/alicia/ontologies/2020/8/singleCellRepositories#Monogenic>
<http://www.semanticweb.org/alicia/ontologies/2020/8/singleCellRepositories#DiseaseOfCellularProliferation> SubClassOf <http://www.semanticweb.org/alicia/ontologies/2020/8/singleCellRepositories#Disease>
<http://www.semanticweb.org/alicia/ontologies/2020/8/singleCellRepositories#KidneyCell> SubClassOf <http://www.semanticweb.org/alicia/ontologies/2020/8/singleCellRepositories#Animal>
<http://www.semanticweb.org/alicia/ontologies/2020/8/singleCellRepositories#ContractileCell> SubClassOf <http://www.semanticweb.org/alicia/ontologies/2020/8/singleCellRepositories#NativeCells>
<http://www.semanticweb.org/alicia/ontologies/2020/8/singleCellRepositories#StructuralCell> SubClassOf <http://www.semanticweb.org/alicia/ontologies/2020/8/singleCellRepositories#NativeCells>
<http://www.semanticweb.org/alicia/ontologies/2020/8/singleCellRepositories#StuffAccumulatingCell> SubClassOf <http://www.semanticweb.org/alicia/ontologies/2020/8/singleCellRepositories#NativeCells>
<http://www.semanticweb.org/alicia/ontologies/2020/8/singleCellRepositories#PhysicalDisorder> SubClassOf <http://www.semanticweb.org/alicia/ontologies/2020/8/singleCellRepositories#Disease>
<http://www.semanticweb.org/alicia/ontologies/2020/8/singleCellRepositories#MyeloidCell> SubClassOf <http://www.semanticweb.org/alicia/ontologies/2020/8/singleCellRepositories#HematopoieticCell>
<http://www.semanticweb.org/alicia/ontologies/2020/8/singleCellRepositories#Polygenic> SubClassOf <http://www.semanticweb.org/alicia/ontologies/2020/8/singleCellRepositories#GeneticDisease>
<http://www.semanticweb.org/alicia/ontologies/2020/8/singleCellRepositories#Lymphocyte> SubClassOf <http://www.semanticweb.org/alicia/ontologies/2020/8/singleCellRepositories#MononuclearCell>
<http://www.semanticweb.org/alicia/ontologies/2020/8/singleCellRepositories#EpithelialCell> SubClassOf <http://www.semanticweb.org/alicia/ontologies/2020/8/singleCellRepositories#Animal>
<http://www.semanticweb.org/alicia/ontologies/2020/8/singleCellRepositories#Layer> SubClassOf <http://www.semanticweb.org/alicia/ontologies/2020/8/singleCellRepositories#OrganismPart>
<http://www.semanticweb.org/alicia/ontologies/2020/8/singleCellRepositories#Joint> SubClassOf <http://www.semanticweb.org/alicia/ontologies/2020/8/singleCellRepositories#OrganismPart>
<http://www.semanticweb.org/alicia/ontologies/2020/8/singleCellRepositories#Platelet> SubClassOf <http://www.semanticweb.org/alicia/ontologies/2020/8/singleCellRepositories#BloodCell>
<http://www.semanticweb.org/alicia/ontologies/2020/8/singleCellRepositories#ReceptorCell> SubClassOf <http://www.semanticweb.org/alicia/ontologies/2020/8/singleCellRepositories#NativeCells>
<http://www.semanticweb.org/alicia/ontologies/2020/8/singleCellRepositories#LibraryConstruction> DisjointWith <http://www.semanticweb.org/alicia/ontologies/2020/8/singleCellRepositories#SequencingLibrary>
<http://www.semanticweb.org/alicia/ontologies/2020/8/singleCellRepositories#LibraryConstruction> SubClassOf <http://www.semanticweb.org/alicia/ontologies/2020/8/singleCellRepositories#Library>
<http://www.semanticweb.org/alicia/ontologies/2020/8/singleCellRepositories#Matrix> SubClassOf <http://www.semanticweb.org/alicia/ontologies/2020/8/singleCellRepositories#Downloads>
 DisjointClasses: <http://www.semanticweb.org/alicia/ontologies/2020/8/singleCellRepositories#Matrix>  <http://www.semanticweb.org/alicia/ontologies/2020/8/singleCellRepositories#Metadata>  <http://www.semanticweb.org/alicia/ontologies/2020/8/singleCellRepositories#Preprocessing>  <http://www.semanticweb.org/alicia/ontologies/2020/8/singleCellRepositories#Results>
<http://www.semanticweb.org/alicia/ontologies/2020/8/singleCellRepositories#Muscle> SubClassOf <http://www.semanticweb.org/alicia/ontologies/2020/8/singleCellRepositories#OrganismPart>
<http://www.semanticweb.org/alicia/ontologies/2020/8/singleCellRepositories#Molecule> SubClassOf <http://www.semanticweb.org/alicia/ontologies/2020/8/singleCellRepositories#OrganismPart>
<http://www.semanticweb.org/alicia/ontologies/2020/8/singleCellRepositories#EmbrionicTissue> SubClassOf <http://www.semanticweb.org/alicia/ontologies/2020/8/singleCellRepositories#Tissue>
<http://www.semanticweb.org/alicia/ontologies/2020/8/singleCellRepositories#Splenocyte> SubClassOf <http://www.semanticweb.org/alicia/ontologies/2020/8/singleCellRepositories#Leukocyte>
 DisjointClasses: <http://www.semanticweb.org/alicia/ontologies/2020/8/singleCellRepositories#Cryopreservation>  <http://www.semanticweb.org/alicia/ontologies/2020/8/singleCellRepositories#Fresh>  <http://www.semanticweb.org/alicia/ontologies/2020/8/singleCellRepositories#Hypothermic>
<http://www.semanticweb.org/alicia/ontologies/2020/8/singleCellRepositories#Cryopreservation> SubClassOf <http://www.semanticweb.org/alicia/ontologies/2020/8/singleCellRepositories#Preservation>
<http://www.semanticweb.org/alicia/ontologies/2020/8/singleCellRepositories#CellType> SubClassOf <http://www.semanticweb.org/alicia/ontologies/2020/8/singleCellRepositories#OrganismPart>
<http://www.semanticweb.org/alicia/ontologies/2020/8/singleCellRepositories#NucleateCell> SubClassOf <http://www.semanticweb.org/alicia/ontologies/2020/8/singleCellRepositories#NativeCells>
<http://www.semanticweb.org/alicia/ontologies/2020/8/singleCellRepositories#Illumina> SubClassOf <http://www.semanticweb.org/alicia/ontologies/2020/8/singleCellRepositories#InstrumentModel>
<http://www.semanticweb.org/alicia/ontologies/2020/8/singleCellRepositories#Rare> SubClassOf <http://www.semanticweb.org/alicia/ontologies/2020/8/singleCellRepositories#GeneticDisease>
<http://www.semanticweb.org/alicia/ontologies/2020/8/singleCellRepositories#Vessel> SubClassOf <http://www.semanticweb.org/alicia/ontologies/2020/8/singleCellRepositories#OrganismPart>
<http://www.semanticweb.org/alicia/ontologies/2020/8/singleCellRepositories#PrecursorCell> SubClassOf <http://www.semanticweb.org/alicia/ontologies/2020/8/singleCellRepositories#NativeCells>
<http://www.semanticweb.org/alicia/ontologies/2020/8/singleCellRepositories#BoneCell> SubClassOf <http://www.semanticweb.org/alicia/ontologies/2020/8/singleCellRepositories#Animal>
<http://www.semanticweb.org/alicia/ontologies/2020/8/singleCellRepositories#DefensiveCell> SubClassOf <http://www.semanticweb.org/alicia/ontologies/2020/8/singleCellRepositories#NativeCells>
<http://www.semanticweb.org/alicia/ontologies/2020/8/singleCellRepositories#MixedGland> SubClassOf <http://www.semanticweb.org/alicia/ontologies/2020/8/singleCellRepositories#Gland>
 DisjointClasses: <http://www.semanticweb.org/alicia/ontologies/2020/8/singleCellRepositories#EndocrineGland>  <http://www.semanticweb.org/alicia/ontologies/2020/8/singleCellRepositories#ExocrineGland>  <http://www.semanticweb.org/alicia/ontologies/2020/8/singleCellRepositories#MixedGland>
<http://www.semanticweb.org/alicia/ontologies/2020/8/singleCellRepositories#HematopoieticCell> SubClassOf <http://www.semanticweb.org/alicia/ontologies/2020/8/singleCellRepositories#Animal>
<http://www.semanticweb.org/alicia/ontologies/2020/8/singleCellRepositories#PreservationType> SubClassOf <http://www.semanticweb.org/alicia/ontologies/2020/8/singleCellRepositories#Preservation>
<http://www.semanticweb.org/alicia/ontologies/2020/8/singleCellRepositories#PolyploidCell> SubClassOf <http://www.semanticweb.org/alicia/ontologies/2020/8/singleCellRepositories#NativeCells>
<http://www.semanticweb.org/alicia/ontologies/2020/8/singleCellRepositories#AutosomalDominant> DisjointWith <http://www.semanticweb.org/alicia/ontologies/2020/8/singleCellRepositories#AutosomalRecessive>
<http://www.semanticweb.org/alicia/ontologies/2020/8/singleCellRepositories#AutosomalDominant> SubClassOf <http://www.semanticweb.org/alicia/ontologies/2020/8/singleCellRepositories#Monogenic>
<http://www.semanticweb.org/alicia/ontologies/2020/8/singleCellRepositories#SupportiveCell> SubClassOf <http://www.semanticweb.org/alicia/ontologies/2020/8/singleCellRepositories#NativeCells>
<http://www.semanticweb.org/alicia/ontologies/2020/8/singleCellRepositories#Cardiocyte> SubClassOf <http://www.semanticweb.org/alicia/ontologies/2020/8/singleCellRepositories#Animal>
<http://www.semanticweb.org/alicia/ontologies/2020/8/singleCellRepositories#NervousTissue> SubClassOf <http://www.semanticweb.org/alicia/ontologies/2020/8/singleCellRepositories#Tissue>
<http://www.semanticweb.org/alicia/ontologies/2020/8/singleCellRepositories#ProfessionalAntigenPresentingCell> SubClassOf <http://www.semanticweb.org/alicia/ontologies/2020/8/singleCellRepositories#Leukocyte>
<http://www.semanticweb.org/alicia/ontologies/2020/8/singleCellRepositories#BenignNeoplasm> SubClassOf <http://www.semanticweb.org/alicia/ontologies/2020/8/singleCellRepositories#DiseaseOfCellularProliferation>
<http://www.semanticweb.org/alicia/ontologies/2020/8/singleCellRepositories#EmbryonicCell> SubClassOf <http://www.semanticweb.org/alicia/ontologies/2020/8/singleCellRepositories#Animal>
<http://www.semanticweb.org/alicia/ontologies/2020/8/singleCellRepositories#EpithelialTissue> SubClassOf <http://www.semanticweb.org/alicia/ontologies/2020/8/singleCellRepositories#Tissue>
<http://www.semanticweb.org/alicia/ontologies/2020/8/singleCellRepositories#Organoid> SubClassOf <http://www.semanticweb.org/alicia/ontologies/2020/8/singleCellRepositories#OrganismPart>
 DisjointClasses: <http://www.semanticweb.org/alicia/ontologies/2020/8/singleCellRepositories#DevelopmentalStage>  <http://www.semanticweb.org/alicia/ontologies/2020/8/singleCellRepositories#Disease>  <http://www.semanticweb.org/alicia/ontologies/2020/8/singleCellRepositories#Downloads>  <http://www.semanticweb.org/alicia/ontologies/2020/8/singleCellRepositories#Kingdom>  <http://www.semanticweb.org/alicia/ontologies/2020/8/singleCellRepositories#Method>  <http://www.semanticweb.org/alicia/ontologies/2020/8/singleCellRepositories#Project>  <http://www.semanticweb.org/alicia/ontologies/2020/8/singleCellRepositories#Specie>  <http://www.semanticweb.org/alicia/ontologies/2020/8/singleCellRepositories#Specimen>
<http://www.semanticweb.org/alicia/ontologies/2020/8/singleCellRepositories#MyofibroblastCell> SubClassOf <http://www.semanticweb.org/alicia/ontologies/2020/8/singleCellRepositories#Animal>
<http://www.semanticweb.org/alicia/ontologies/2020/8/singleCellRepositories#Cancer> SubClassOf <http://www.semanticweb.org/alicia/ontologies/2020/8/singleCellRepositories#DiseaseOfCellularProliferation>
 DisjointClasses: <http://www.semanticweb.org/alicia/ontologies/2020/8/singleCellRepositories#DevelopmentalStage>  <http://www.semanticweb.org/alicia/ontologies/2020/8/singleCellRepositories#Disease>  <http://www.semanticweb.org/alicia/ontologies/2020/8/singleCellRepositories#Downloads>  <http://www.semanticweb.org/alicia/ontologies/2020/8/singleCellRepositories#Kingdom>  <http://www.semanticweb.org/alicia/ontologies/2020/8/singleCellRepositories#Method>  <http://www.semanticweb.org/alicia/ontologies/2020/8/singleCellRepositories#Project>  <http://www.semanticweb.org/alicia/ontologies/2020/8/singleCellRepositories#Specie>  <http://www.semanticweb.org/alicia/ontologies/2020/8/singleCellRepositories#Specimen>
 DisjointClasses: <http://www.semanticweb.org/alicia/ontologies/2020/8/singleCellRepositories#Disease>  <http://www.semanticweb.org/alicia/ontologies/2020/8/singleCellRepositories#Downloads>  <http://www.semanticweb.org/alicia/ontologies/2020/8/singleCellRepositories#Kingdom>  <http://www.semanticweb.org/alicia/ontologies/2020/8/singleCellRepositories#Method>  <http://www.semanticweb.org/alicia/ontologies/2020/8/singleCellRepositories#OrganismPart>  <http://www.semanticweb.org/alicia/ontologies/2020/8/singleCellRepositories#Project>  <http://www.semanticweb.org/alicia/ontologies/2020/8/singleCellRepositories#Specie>  <http://www.semanticweb.org/alicia/ontologies/2020/8/singleCellRepositories#Specimen>
<http://www.semanticweb.org/alicia/ontologies/2020/8/singleCellRepositories#CardiacSeptumNativeCell> SubClassOf <http://www.semanticweb.org/alicia/ontologies/2020/8/singleCellRepositories#NativeCells>
<http://www.semanticweb.org/alicia/ontologies/2020/8/singleCellRepositories#PituitaryGlandCell> SubClassOf <http://www.semanticweb.org/alicia/ontologies/2020/8/singleCellRepositories#NativeCells>
<http://www.semanticweb.org/alicia/ontologies/2020/8/singleCellRepositories#MitogenicSignalingCell> SubClassOf <http://www.semanticweb.org/alicia/ontologies/2020/8/singleCellRepositories#NativeCells>
<http://www.semanticweb.org/alicia/ontologies/2020/8/singleCellRepositories#UreteralCell> SubClassOf <http://www.semanticweb.org/alicia/ontologies/2020/8/singleCellRepositories#Animal>
<http://www.semanticweb.org/alicia/ontologies/2020/8/singleCellRepositories#Leukocyte> SubClassOf <http://www.semanticweb.org/alicia/ontologies/2020/8/singleCellRepositories#HematopoieticCell>
 DisjointClasses: <http://www.semanticweb.org/alicia/ontologies/2020/8/singleCellRepositories#AnalysisProtocol>  <http://www.semanticweb.org/alicia/ontologies/2020/8/singleCellRepositories#InstrumentModel>  <http://www.semanticweb.org/alicia/ontologies/2020/8/singleCellRepositories#Library>  <http://www.semanticweb.org/alicia/ontologies/2020/8/singleCellRepositories#Preservation>
<http://www.semanticweb.org/alicia/ontologies/2020/8/singleCellRepositories#Library> SubClassOf <http://www.semanticweb.org/alicia/ontologies/2020/8/singleCellRepositories#Method>
<http://www.semanticweb.org/alicia/ontologies/2020/8/singleCellRepositories#GermLineCell> SubClassOf <http://www.semanticweb.org/alicia/ontologies/2020/8/singleCellRepositories#NativeCells>
<http://www.semanticweb.org/alicia/ontologies/2020/8/singleCellRepositories#MononuclearCell> SubClassOf <http://www.semanticweb.org/alicia/ontologies/2020/8/singleCellRepositories#Leukocyte>
<http://www.semanticweb.org/alicia/ontologies/2020/8/singleCellRepositories#NextSeq> SubClassOf <http://www.semanticweb.org/alicia/ontologies/2020/8/singleCellRepositories#Illumina>
 DisjointClasses: <http://www.semanticweb.org/alicia/ontologies/2020/8/singleCellRepositories#HiSeq>  <http://www.semanticweb.org/alicia/ontologies/2020/8/singleCellRepositories#NextSeq>  <http://www.semanticweb.org/alicia/ontologies/2020/8/singleCellRepositories#NovaSeq>
 DisjointClasses: <http://www.semanticweb.org/alicia/ontologies/2020/8/singleCellRepositories#Cryopreservation>  <http://www.semanticweb.org/alicia/ontologies/2020/8/singleCellRepositories#Fresh>  <http://www.semanticweb.org/alicia/ontologies/2020/8/singleCellRepositories#Hypothermic>
<http://www.semanticweb.org/alicia/ontologies/2020/8/singleCellRepositories#Hypothermic> SubClassOf <http://www.semanticweb.org/alicia/ontologies/2020/8/singleCellRepositories#Preservation>
<http://www.semanticweb.org/alicia/ontologies/2020/8/singleCellRepositories#LymphocyteOfTlineage> SubClassOf <http://www.semanticweb.org/alicia/ontologies/2020/8/singleCellRepositories#Lymphocyte>
 DisjointClasses: <http://www.semanticweb.org/alicia/ontologies/2020/8/singleCellRepositories#InnateLymphoidCell>  <http://www.semanticweb.org/alicia/ontologies/2020/8/singleCellRepositories#LymphocyteOfBlineage>  <http://www.semanticweb.org/alicia/ontologies/2020/8/singleCellRepositories#LymphocyteOfTlineage>
<http://www.semanticweb.org/alicia/ontologies/2020/8/singleCellRepositories#Cavity> SubClassOf <http://www.semanticweb.org/alicia/ontologies/2020/8/singleCellRepositories#OrganismPart>
<http://www.semanticweb.org/alicia/ontologies/2020/8/singleCellRepositories#Bone> SubClassOf <http://www.semanticweb.org/alicia/ontologies/2020/8/singleCellRepositories#OrganismPart>
<http://www.semanticweb.org/alicia/ontologies/2020/8/singleCellRepositories#ExtraembryonicCell> SubClassOf <http://www.semanticweb.org/alicia/ontologies/2020/8/singleCellRepositories#Animal>
<http://www.semanticweb.org/alicia/ontologies/2020/8/singleCellRepositories#AbnormalCellsGrouped> DisjointWith <http://www.semanticweb.org/alicia/ontologies/2020/8/singleCellRepositories#AbnormalCellsIsolated>
<http://www.semanticweb.org/alicia/ontologies/2020/8/singleCellRepositories#AbnormalCellsIsolated> SubClassOf <http://www.semanticweb.org/alicia/ontologies/2020/8/singleCellRepositories#AbnormalCells>
 DisjointClasses: <http://www.semanticweb.org/alicia/ontologies/2020/8/singleCellRepositories#DevelopmentalStage>  <http://www.semanticweb.org/alicia/ontologies/2020/8/singleCellRepositories#Disease>  <http://www.semanticweb.org/alicia/ontologies/2020/8/singleCellRepositories#Downloads>  <http://www.semanticweb.org/alicia/ontologies/2020/8/singleCellRepositories#Kingdom>  <http://www.semanticweb.org/alicia/ontologies/2020/8/singleCellRepositories#Method>  <http://www.semanticweb.org/alicia/ontologies/2020/8/singleCellRepositories#Project>  <http://www.semanticweb.org/alicia/ontologies/2020/8/singleCellRepositories#Specie>  <http://www.semanticweb.org/alicia/ontologies/2020/8/singleCellRepositories#Specimen>
 DisjointClasses: <http://www.semanticweb.org/alicia/ontologies/2020/8/singleCellRepositories#Disease>  <http://www.semanticweb.org/alicia/ontologies/2020/8/singleCellRepositories#Downloads>  <http://www.semanticweb.org/alicia/ontologies/2020/8/singleCellRepositories#Kingdom>  <http://www.semanticweb.org/alicia/ontologies/2020/8/singleCellRepositories#Method>  <http://www.semanticweb.org/alicia/ontologies/2020/8/singleCellRepositories#OrganismPart>  <http://www.semanticweb.org/alicia/ontologies/2020/8/singleCellRepositories#Project>  <http://www.semanticweb.org/alicia/ontologies/2020/8/singleCellRepositories#Specie>  <http://www.semanticweb.org/alicia/ontologies/2020/8/singleCellRepositories#Specimen>
<http://www.semanticweb.org/alicia/ontologies/2020/8/singleCellRepositories#DiseaseOfMetabolism> SubClassOf <http://www.semanticweb.org/alicia/ontologies/2020/8/singleCellRepositories#Disease>
<http://www.semanticweb.org/alicia/ontologies/2020/8/singleCellRepositories#Smartseq2> SubClassOf <http://www.semanticweb.org/alicia/ontologies/2020/8/singleCellRepositories#AnalysisProtocol>
<http://www.semanticweb.org/alicia/ontologies/2020/8/singleCellRepositories#Optimus> DisjointWith <http://www.semanticweb.org/alicia/ontologies/2020/8/singleCellRepositories#Smartseq2>
<http://www.semanticweb.org/alicia/ontologies/2020/8/singleCellRepositories#Syndrome> SubClassOf <http://www.semanticweb.org/alicia/ontologies/2020/8/singleCellRepositories#Disease>
 DisjointClasses: <http://www.semanticweb.org/alicia/ontologies/2020/8/singleCellRepositories#InnateLymphoidCell>  <http://www.semanticweb.org/alicia/ontologies/2020/8/singleCellRepositories#LymphocyteOfBlineage>  <http://www.semanticweb.org/alicia/ontologies/2020/8/singleCellRepositories#LymphocyteOfTlineage>
<http://www.semanticweb.org/alicia/ontologies/2020/8/singleCellRepositories#InnateLymphoidCell> SubClassOf <http://www.semanticweb.org/alicia/ontologies/2020/8/singleCellRepositories#Lymphocyte>
<http://www.semanticweb.org/alicia/ontologies/2020/8/singleCellRepositories#Gland> SubClassOf <http://www.semanticweb.org/alicia/ontologies/2020/8/singleCellRepositories#OrganismPart>
<http://www.semanticweb.org/alicia/ontologies/2020/8/singleCellRepositories#CellLines> SubClassOf <http://www.semanticweb.org/alicia/ontologies/2020/8/singleCellRepositories#CellsInVitro>
<http://www.semanticweb.org/alicia/ontologies/2020/8/singleCellRepositories#Arteries> DisjointWith <http://www.semanticweb.org/alicia/ontologies/2020/8/singleCellRepositories#Veins>
<http://www.semanticweb.org/alicia/ontologies/2020/8/singleCellRepositories#Veins> SubClassOf <http://www.semanticweb.org/alicia/ontologies/2020/8/singleCellRepositories#Vessel>
<http://www.semanticweb.org/alicia/ontologies/2020/8/singleCellRepositories#HaploidCell> SubClassOf <http://www.semanticweb.org/alicia/ontologies/2020/8/singleCellRepositories#NativeCells>
<http://www.semanticweb.org/alicia/ontologies/2020/8/singleCellRepositories#Structure> SubClassOf <http://www.semanticweb.org/alicia/ontologies/2020/8/singleCellRepositories#OrganismPart>
<http://www.semanticweb.org/alicia/ontologies/2020/8/singleCellRepositories#Mendelian> EquivalentTo <http://www.semanticweb.org/alicia/ontologies/2020/8/singleCellRepositories#Monogenic>
<http://www.semanticweb.org/alicia/ontologies/2020/8/singleCellRepositories#Mendelian> SubClassOf <http://www.semanticweb.org/alicia/ontologies/2020/8/singleCellRepositories#GeneticDisease>
<http://www.semanticweb.org/alicia/ontologies/2020/8/singleCellRepositories#AutosomalDominant> DisjointWith <http://www.semanticweb.org/alicia/ontologies/2020/8/singleCellRepositories#AutosomalRecessive>
<http://www.semanticweb.org/alicia/ontologies/2020/8/singleCellRepositories#AutosomalRecessive> SubClassOf <http://www.semanticweb.org/alicia/ontologies/2020/8/singleCellRepositories#Monogenic>
<http://www.semanticweb.org/alicia/ontologies/2020/8/singleCellRepositories#Tissue> SubClassOf <http://www.semanticweb.org/alicia/ontologies/2020/8/singleCellRepositories#OrganismPart>
<http://www.semanticweb.org/alicia/ontologies/2020/8/singleCellRepositories#LowerUrinaryTractCell> SubClassOf <http://www.semanticweb.org/alicia/ontologies/2020/8/singleCellRepositories#Animal>
<http://www.semanticweb.org/alicia/ontologies/2020/8/singleCellRepositories#MotileCell> SubClassOf <http://www.semanticweb.org/alicia/ontologies/2020/8/singleCellRepositories#NativeCells>
<http://www.semanticweb.org/alicia/ontologies/2020/8/singleCellRepositories#SomaticCell> SubClassOf <http://www.semanticweb.org/alicia/ontologies/2020/8/singleCellRepositories#NativeCells>
 DisjointClasses: <http://www.semanticweb.org/alicia/ontologies/2020/8/singleCellRepositories#Disease>  <http://www.semanticweb.org/alicia/ontologies/2020/8/singleCellRepositories#Downloads>  <http://www.semanticweb.org/alicia/ontologies/2020/8/singleCellRepositories#Kingdom>  <http://www.semanticweb.org/alicia/ontologies/2020/8/singleCellRepositories#Method>  <http://www.semanticweb.org/alicia/ontologies/2020/8/singleCellRepositories#OrganismPart>  <http://www.semanticweb.org/alicia/ontologies/2020/8/singleCellRepositories#Project>  <http://www.semanticweb.org/alicia/ontologies/2020/8/singleCellRepositories#Specie>  <http://www.semanticweb.org/alicia/ontologies/2020/8/singleCellRepositories#Specimen>
<http://www.semanticweb.org/alicia/ontologies/2020/8/singleCellRepositories#Animal> SubClassOf <http://www.semanticweb.org/alicia/ontologies/2020/8/singleCellRepositories#EukaryoticCell>
<http://www.semanticweb.org/alicia/ontologies/2020/8/singleCellRepositories#SecretoryCell> SubClassOf <http://www.semanticweb.org/alicia/ontologies/2020/8/singleCellRepositories#NativeCells>
<http://www.semanticweb.org/alicia/ontologies/2020/8/singleCellRepositories#DiseaseOfMentalHealth> SubClassOf <http://www.semanticweb.org/alicia/ontologies/2020/8/singleCellRepositories#Disease>
<http://www.semanticweb.org/alicia/ontologies/2020/8/singleCellRepositories#MuscularTissue> SubClassOf <http://www.semanticweb.org/alicia/ontologies/2020/8/singleCellRepositories#Tissue>
<http://www.semanticweb.org/alicia/ontologies/2020/8/singleCellRepositories#Monocyte> SubClassOf <http://www.semanticweb.org/alicia/ontologies/2020/8/singleCellRepositories#MononuclearCell>
<http://www.semanticweb.org/alicia/ontologies/2020/8/singleCellRepositories#MuscleCell> SubClassOf <http://www.semanticweb.org/alicia/ontologies/2020/8/singleCellRepositories#Animal>
<http://www.semanticweb.org/alicia/ontologies/2020/8/singleCellRepositories#DendriticCell> SubClassOf <http://www.semanticweb.org/alicia/ontologies/2020/8/singleCellRepositories#MononuclearCell>
<http://www.semanticweb.org/alicia/ontologies/2020/8/singleCellRepositories#GeneticDisease> SubClassOf <http://www.semanticweb.org/alicia/ontologies/2020/8/singleCellRepositories#Disease>
<http://www.semanticweb.org/alicia/ontologies/2020/8/singleCellRepositories#NeurologicDisease> SubClassOf <http://www.semanticweb.org/alicia/ontologies/2020/8/singleCellRepositories#Disease>
<http://www.semanticweb.org/alicia/ontologies/2020/8/singleCellRepositories#OtherSequencing> DisjointWith <http://www.semanticweb.org/alicia/ontologies/2020/8/singleCellRepositories#10XSequencing>
<http://www.semanticweb.org/alicia/ontologies/2020/8/singleCellRepositories#OtherSequencing> SubClassOf <http://www.semanticweb.org/alicia/ontologies/2020/8/singleCellRepositories#SequencingLibrary>
<http://www.semanticweb.org/alicia/ontologies/2020/8/singleCellRepositories#NonMamalialOrganismPart> SubClassOf <http://www.semanticweb.org/alicia/ontologies/2020/8/singleCellRepositories#OrganismPart>
 DisjointClasses: <http://www.semanticweb.org/alicia/ontologies/2020/8/singleCellRepositories#DevelopmentalStage>  <http://www.semanticweb.org/alicia/ontologies/2020/8/singleCellRepositories#Disease>  <http://www.semanticweb.org/alicia/ontologies/2020/8/singleCellRepositories#Downloads>  <http://www.semanticweb.org/alicia/ontologies/2020/8/singleCellRepositories#Kingdom>  <http://www.semanticweb.org/alicia/ontologies/2020/8/singleCellRepositories#Method>  <http://www.semanticweb.org/alicia/ontologies/2020/8/singleCellRepositories#Project>  <http://www.semanticweb.org/alicia/ontologies/2020/8/singleCellRepositories#Specie>  <http://www.semanticweb.org/alicia/ontologies/2020/8/singleCellRepositories#Specimen>
 DisjointClasses: <http://www.semanticweb.org/alicia/ontologies/2020/8/singleCellRepositories#Disease>  <http://www.semanticweb.org/alicia/ontologies/2020/8/singleCellRepositories#Downloads>  <http://www.semanticweb.org/alicia/ontologies/2020/8/singleCellRepositories#Kingdom>  <http://www.semanticweb.org/alicia/ontologies/2020/8/singleCellRepositories#Method>  <http://www.semanticweb.org/alicia/ontologies/2020/8/singleCellRepositories#OrganismPart>  <http://www.semanticweb.org/alicia/ontologies/2020/8/singleCellRepositories#Project>  <http://www.semanticweb.org/alicia/ontologies/2020/8/singleCellRepositories#Specie>  <http://www.semanticweb.org/alicia/ontologies/2020/8/singleCellRepositories#Specimen>
<http://www.semanticweb.org/alicia/ontologies/2020/8/singleCellRepositories#BarrierCell> SubClassOf <http://www.semanticweb.org/alicia/ontologies/2020/8/singleCellRepositories#NativeCells>
<http://www.semanticweb.org/alicia/ontologies/2020/8/singleCellRepositories#LymphocyteOfBlineage> SubClassOf <http://www.semanticweb.org/alicia/ontologies/2020/8/singleCellRepositories#Lymphocyte>
 DisjointClasses: <http://www.semanticweb.org/alicia/ontologies/2020/8/singleCellRepositories#InnateLymphoidCell>  <http://www.semanticweb.org/alicia/ontologies/2020/8/singleCellRepositories#LymphocyteOfBlineage>  <http://www.semanticweb.org/alicia/ontologies/2020/8/singleCellRepositories#LymphocyteOfTlineage>
<http://www.semanticweb.org/alicia/ontologies/2020/8/singleCellRepositories#NitrogenFixingCell> SubClassOf <http://www.semanticweb.org/alicia/ontologies/2020/8/singleCellRepositories#NativeCells>
 DisjointClasses: <http://www.semanticweb.org/alicia/ontologies/2020/8/singleCellRepositories#AnalysisProtocol>  <http://www.semanticweb.org/alicia/ontologies/2020/8/singleCellRepositories#InstrumentModel>  <http://www.semanticweb.org/alicia/ontologies/2020/8/singleCellRepositories#Library>  <http://www.semanticweb.org/alicia/ontologies/2020/8/singleCellRepositories#Preservation>
<http://www.semanticweb.org/alicia/ontologies/2020/8/singleCellRepositories#InstrumentModel> SubClassOf <http://www.semanticweb.org/alicia/ontologies/2020/8/singleCellRepositories#Method>
<http://www.semanticweb.org/alicia/ontologies/2020/8/singleCellRepositories#AbnormalCells> SubClassOf <http://www.semanticweb.org/alicia/ontologies/2020/8/singleCellRepositories#CellType>
<http://www.semanticweb.org/alicia/ontologies/2020/8/singleCellRepositories#Fungal> SubClassOf <http://www.semanticweb.org/alicia/ontologies/2020/8/singleCellRepositories#EukaryoticCell>
<http://www.semanticweb.org/alicia/ontologies/2020/8/singleCellRepositories#Optimus> SubClassOf <http://www.semanticweb.org/alicia/ontologies/2020/8/singleCellRepositories#AnalysisProtocol>
<http://www.semanticweb.org/alicia/ontologies/2020/8/singleCellRepositories#Optimus> DisjointWith <http://www.semanticweb.org/alicia/ontologies/2020/8/singleCellRepositories#Smartseq2>
<http://www.semanticweb.org/alicia/ontologies/2020/8/singleCellRepositories#NonGranularLeukocyte> SubClassOf <http://www.semanticweb.org/alicia/ontologies/2020/8/singleCellRepositories#Leukocyte>
<http://www.semanticweb.org/alicia/ontologies/2020/8/singleCellRepositories#OrganPart> SubClassOf <http://www.semanticweb.org/alicia/ontologies/2020/8/singleCellRepositories#OrganismPart>
<http://www.semanticweb.org/alicia/ontologies/2020/8/singleCellRepositories#NovaSeq> SubClassOf <http://www.semanticweb.org/alicia/ontologies/2020/8/singleCellRepositories#Illumina>
 DisjointClasses: <http://www.semanticweb.org/alicia/ontologies/2020/8/singleCellRepositories#HiSeq>  <http://www.semanticweb.org/alicia/ontologies/2020/8/singleCellRepositories#NextSeq>  <http://www.semanticweb.org/alicia/ontologies/2020/8/singleCellRepositories#NovaSeq>
<http://www.semanticweb.org/alicia/ontologies/2020/8/singleCellRepositories#Results> SubClassOf <http://www.semanticweb.org/alicia/ontologies/2020/8/singleCellRepositories#Downloads>
 DisjointClasses: <http://www.semanticweb.org/alicia/ontologies/2020/8/singleCellRepositories#Matrix>  <http://www.semanticweb.org/alicia/ontologies/2020/8/singleCellRepositories#Metadata>  <http://www.semanticweb.org/alicia/ontologies/2020/8/singleCellRepositories#Preprocessing>  <http://www.semanticweb.org/alicia/ontologies/2020/8/singleCellRepositories#Results>
<http://www.semanticweb.org/alicia/ontologies/2020/8/singleCellRepositories#DiseaseByInfectiousAgent> SubClassOf <http://www.semanticweb.org/alicia/ontologies/2020/8/singleCellRepositories#Disease>
<http://www.semanticweb.org/alicia/ontologies/2020/8/singleCellRepositories#AnucleateCell> SubClassOf <http://www.semanticweb.org/alicia/ontologies/2020/8/singleCellRepositories#NativeCells>
<http://www.semanticweb.org/alicia/ontologies/2020/8/singleCellRepositories#ConnectiveTissueCell> SubClassOf <http://www.semanticweb.org/alicia/ontologies/2020/8/singleCellRepositories#Animal>
<http://www.semanticweb.org/alicia/ontologies/2020/8/singleCellRepositories#Arteries> DisjointWith <http://www.semanticweb.org/alicia/ontologies/2020/8/singleCellRepositories#Veins>
<http://www.semanticweb.org/alicia/ontologies/2020/8/singleCellRepositories#Arteries> SubClassOf <http://www.semanticweb.org/alicia/ontologies/2020/8/singleCellRepositories#Vessel>
 DisjointClasses: <http://www.semanticweb.org/alicia/ontologies/2020/8/singleCellRepositories#EndocrineGland>  <http://www.semanticweb.org/alicia/ontologies/2020/8/singleCellRepositories#ExocrineGland>  <http://www.semanticweb.org/alicia/ontologies/2020/8/singleCellRepositories#MixedGland>
<http://www.semanticweb.org/alicia/ontologies/2020/8/singleCellRepositories#ExocrineGland> SubClassOf <http://www.semanticweb.org/alicia/ontologies/2020/8/singleCellRepositories#Gland>
<http://www.semanticweb.org/alicia/ontologies/2020/8/singleCellRepositories#Erythrocyte> SubClassOf <http://www.semanticweb.org/alicia/ontologies/2020/8/singleCellRepositories#BloodCell>
<http://www.semanticweb.org/alicia/ontologies/2020/8/singleCellRepositories#ExperimentallyModified> SubClassOf <http://www.semanticweb.org/alicia/ontologies/2020/8/singleCellRepositories#CellsInVitro>
<http://www.semanticweb.org/alicia/ontologies/2020/8/singleCellRepositories#NativeCells> SubClassOf <http://www.semanticweb.org/alicia/ontologies/2020/8/singleCellRepositories#CellType>
<http://www.semanticweb.org/alicia/ontologies/2020/8/singleCellRepositories#HematopoieticLineageRestrictedProgenitorCell> SubClassOf <http://www.semanticweb.org/alicia/ontologies/2020/8/singleCellRepositories#HematopoieticPrecursorCell>
<http://www.semanticweb.org/alicia/ontologies/2020/8/singleCellRepositories#SequencingLibrary> SubClassOf <http://www.semanticweb.org/alicia/ontologies/2020/8/singleCellRepositories#Library>
<http://www.semanticweb.org/alicia/ontologies/2020/8/singleCellRepositories#LibraryConstruction> DisjointWith <http://www.semanticweb.org/alicia/ontologies/2020/8/singleCellRepositories#SequencingLibrary>
<http://www.semanticweb.org/alicia/ontologies/2020/8/singleCellRepositories#HematopoieticMultipotentProgenitorCell> SubClassOf <http://www.semanticweb.org/alicia/ontologies/2020/8/singleCellRepositories#HematopoieticPrecursorCell>
<http://www.semanticweb.org/alicia/ontologies/2020/8/singleCellRepositories#Junction> SubClassOf <http://www.semanticweb.org/alicia/ontologies/2020/8/singleCellRepositories#OrganismPart>
 DisjointClasses: <http://www.semanticweb.org/alicia/ontologies/2020/8/singleCellRepositories#HiSeq>  <http://www.semanticweb.org/alicia/ontologies/2020/8/singleCellRepositories#NextSeq>  <http://www.semanticweb.org/alicia/ontologies/2020/8/singleCellRepositories#NovaSeq>
<http://www.semanticweb.org/alicia/ontologies/2020/8/singleCellRepositories#HiSeq> SubClassOf <http://www.semanticweb.org/alicia/ontologies/2020/8/singleCellRepositories#Illumina>
<http://www.semanticweb.org/alicia/ontologies/2020/8/singleCellRepositories#Chromosomal> SubClassOf <http://www.semanticweb.org/alicia/ontologies/2020/8/singleCellRepositories#GeneticDisease>
<http://www.semanticweb.org/alicia/ontologies/2020/8/singleCellRepositories#Fluid> SubClassOf <http://www.semanticweb.org/alicia/ontologies/2020/8/singleCellRepositories#OrganismPart>
<http://www.semanticweb.org/alicia/ontologies/2020/8/singleCellRepositories#AnalysisProtocol> SubClassOf <http://www.semanticweb.org/alicia/ontologies/2020/8/singleCellRepositories#Method>
 DisjointClasses: <http://www.semanticweb.org/alicia/ontologies/2020/8/singleCellRepositories#AnalysisProtocol>  <http://www.semanticweb.org/alicia/ontologies/2020/8/singleCellRepositories#InstrumentModel>  <http://www.semanticweb.org/alicia/ontologies/2020/8/singleCellRepositories#Library>  <http://www.semanticweb.org/alicia/ontologies/2020/8/singleCellRepositories#Preservation>
<http://www.semanticweb.org/alicia/ontologies/2020/8/singleCellRepositories#EukaryoticCell> SubClassOf <http://www.semanticweb.org/alicia/ontologies/2020/8/singleCellRepositories#NativeCells>
<http://www.semanticweb.org/alicia/ontologies/2020/8/singleCellRepositories#AbnormalCellsGrouped> DisjointWith <http://www.semanticweb.org/alicia/ontologies/2020/8/singleCellRepositories#AbnormalCellsIsolated>
<http://www.semanticweb.org/alicia/ontologies/2020/8/singleCellRepositories#AbnormalCellsGrouped> SubClassOf <http://www.semanticweb.org/alicia/ontologies/2020/8/singleCellRepositories#AbnormalCells>
<http://www.semanticweb.org/alicia/ontologies/2020/8/singleCellRepositories#ApoptosisFatedCell> SubClassOf <http://www.semanticweb.org/alicia/ontologies/2020/8/singleCellRepositories#NativeCells>
<http://www.semanticweb.org/alicia/ontologies/2020/8/singleCellRepositories#CirculatingCell> SubClassOf <http://www.semanticweb.org/alicia/ontologies/2020/8/singleCellRepositories#NativeCells>
<http://www.semanticweb.org/alicia/ontologies/2020/8/singleCellRepositories#NotochordalCell> SubClassOf <http://www.semanticweb.org/alicia/ontologies/2020/8/singleCellRepositories#NativeCells>
 DisjointClasses: <http://www.semanticweb.org/alicia/ontologies/2020/8/singleCellRepositories#EndocrineGland>  <http://www.semanticweb.org/alicia/ontologies/2020/8/singleCellRepositories#ExocrineGland>  <http://www.semanticweb.org/alicia/ontologies/2020/8/singleCellRepositories#MixedGland>
<http://www.semanticweb.org/alicia/ontologies/2020/8/singleCellRepositories#EndocrineGland> SubClassOf <http://www.semanticweb.org/alicia/ontologies/2020/8/singleCellRepositories#Gland>
<http://www.semanticweb.org/alicia/ontologies/2020/8/singleCellRepositories#Preprocessing> SubClassOf <http://www.semanticweb.org/alicia/ontologies/2020/8/singleCellRepositories#Downloads>
 DisjointClasses: <http://www.semanticweb.org/alicia/ontologies/2020/8/singleCellRepositories#Matrix>  <http://www.semanticweb.org/alicia/ontologies/2020/8/singleCellRepositories#Metadata>  <http://www.semanticweb.org/alicia/ontologies/2020/8/singleCellRepositories#Preprocessing>  <http://www.semanticweb.org/alicia/ontologies/2020/8/singleCellRepositories#Results>
<http://www.semanticweb.org/alicia/ontologies/2020/8/singleCellRepositories#Organ> SubClassOf <http://www.semanticweb.org/alicia/ontologies/2020/8/singleCellRepositories#OrganismPart>
<http://www.semanticweb.org/alicia/ontologies/2020/8/singleCellRepositories#SensoryReceptorCell> SubClassOf <http://www.semanticweb.org/alicia/ontologies/2020/8/singleCellRepositories#NativeCells>
<http://www.semanticweb.org/alicia/ontologies/2020/8/singleCellRepositories#BoneMarrowHematopoieticCell> SubClassOf <http://www.semanticweb.org/alicia/ontologies/2020/8/singleCellRepositories#HematopoieticCell>
<http://www.semanticweb.org/alicia/ontologies/2020/8/singleCellRepositories#CiliatedCell> SubClassOf <http://www.semanticweb.org/alicia/ontologies/2020/8/singleCellRepositories#NativeCells>
<http://www.semanticweb.org/alicia/ontologies/2020/8/singleCellRepositories#MetabolisingCell> SubClassOf <http://www.semanticweb.org/alicia/ontologies/2020/8/singleCellRepositories#NativeCells>
 DisjointClasses: <http://www.semanticweb.org/alicia/ontologies/2020/8/singleCellRepositories#DevelopmentalStage>  <http://www.semanticweb.org/alicia/ontologies/2020/8/singleCellRepositories#Disease>  <http://www.semanticweb.org/alicia/ontologies/2020/8/singleCellRepositories#Downloads>  <http://www.semanticweb.org/alicia/ontologies/2020/8/singleCellRepositories#Kingdom>  <http://www.semanticweb.org/alicia/ontologies/2020/8/singleCellRepositories#Method>  <http://www.semanticweb.org/alicia/ontologies/2020/8/singleCellRepositories#Project>  <http://www.semanticweb.org/alicia/ontologies/2020/8/singleCellRepositories#Specie>  <http://www.semanticweb.org/alicia/ontologies/2020/8/singleCellRepositories#Specimen>
 DisjointClasses: <http://www.semanticweb.org/alicia/ontologies/2020/8/singleCellRepositories#Disease>  <http://www.semanticweb.org/alicia/ontologies/2020/8/singleCellRepositories#Downloads>  <http://www.semanticweb.org/alicia/ontologies/2020/8/singleCellRepositories#Kingdom>  <http://www.semanticweb.org/alicia/ontologies/2020/8/singleCellRepositories#Method>  <http://www.semanticweb.org/alicia/ontologies/2020/8/singleCellRepositories#OrganismPart>  <http://www.semanticweb.org/alicia/ontologies/2020/8/singleCellRepositories#Project>  <http://www.semanticweb.org/alicia/ontologies/2020/8/singleCellRepositories#Specie>  <http://www.semanticweb.org/alicia/ontologies/2020/8/singleCellRepositories#Specimen>
<http://www.semanticweb.org/alicia/ontologies/2020/8/singleCellRepositories#PeripheralBloodMesothelialCell> SubClassOf <http://www.semanticweb.org/alicia/ontologies/2020/8/singleCellRepositories#BloodCell>
<http://www.semanticweb.org/alicia/ontologies/2020/8/singleCellRepositories#HematopoieticStemCell> SubClassOf <http://www.semanticweb.org/alicia/ontologies/2020/8/singleCellRepositories#HematopoieticPrecursorCell>
 DisjointClasses: <http://www.semanticweb.org/alicia/ontologies/2020/8/singleCellRepositories#DevelopmentalStage>  <http://www.semanticweb.org/alicia/ontologies/2020/8/singleCellRepositories#Disease>  <http://www.semanticweb.org/alicia/ontologies/2020/8/singleCellRepositories#Downloads>  <http://www.semanticweb.org/alicia/ontologies/2020/8/singleCellRepositories#Kingdom>  <http://www.semanticweb.org/alicia/ontologies/2020/8/singleCellRepositories#Method>  <http://www.semanticweb.org/alicia/ontologies/2020/8/singleCellRepositories#Project>  <http://www.semanticweb.org/alicia/ontologies/2020/8/singleCellRepositories#Specie>  <http://www.semanticweb.org/alicia/ontologies/2020/8/singleCellRepositories#Specimen>
 DisjointClasses: <http://www.semanticweb.org/alicia/ontologies/2020/8/singleCellRepositories#Disease>  <http://www.semanticweb.org/alicia/ontologies/2020/8/singleCellRepositories#Downloads>  <http://www.semanticweb.org/alicia/ontologies/2020/8/singleCellRepositories#Kingdom>  <http://www.semanticweb.org/alicia/ontologies/2020/8/singleCellRepositories#Method>  <http://www.semanticweb.org/alicia/ontologies/2020/8/singleCellRepositories#OrganismPart>  <http://www.semanticweb.org/alicia/ontologies/2020/8/singleCellRepositories#Project>  <http://www.semanticweb.org/alicia/ontologies/2020/8/singleCellRepositories#Specie>  <http://www.semanticweb.org/alicia/ontologies/2020/8/singleCellRepositories#Specimen>
<http://www.semanticweb.org/alicia/ontologies/2020/8/singleCellRepositories#Granulocyte> SubClassOf <http://www.semanticweb.org/alicia/ontologies/2020/8/singleCellRepositories#BloodCell>
 DisjointClasses: <http://www.semanticweb.org/alicia/ontologies/2020/8/singleCellRepositories#DevelopmentalStage>  <http://www.semanticweb.org/alicia/ontologies/2020/8/singleCellRepositories#Disease>  <http://www.semanticweb.org/alicia/ontologies/2020/8/singleCellRepositories#Downloads>  <http://www.semanticweb.org/alicia/ontologies/2020/8/singleCellRepositories#Kingdom>  <http://www.semanticweb.org/alicia/ontologies/2020/8/singleCellRepositories#Method>  <http://www.semanticweb.org/alicia/ontologies/2020/8/singleCellRepositories#Project>  <http://www.semanticweb.org/alicia/ontologies/2020/8/singleCellRepositories#Specie>  <http://www.semanticweb.org/alicia/ontologies/2020/8/singleCellRepositories#Specimen>
 DisjointClasses: <http://www.semanticweb.org/alicia/ontologies/2020/8/singleCellRepositories#Disease>  <http://www.semanticweb.org/alicia/ontologies/2020/8/singleCellRepositories#Downloads>  <http://www.semanticweb.org/alicia/ontologies/2020/8/singleCellRepositories#Kingdom>  <http://www.semanticweb.org/alicia/ontologies/2020/8/singleCellRepositories#Method>  <http://www.semanticweb.org/alicia/ontologies/2020/8/singleCellRepositories#OrganismPart>  <http://www.semanticweb.org/alicia/ontologies/2020/8/singleCellRepositories#Project>  <http://www.semanticweb.org/alicia/ontologies/2020/8/singleCellRepositories#Specie>  <http://www.semanticweb.org/alicia/ontologies/2020/8/singleCellRepositories#Specimen>
 DisjointClasses: <http://www.semanticweb.org/alicia/ontologies/2020/8/singleCellRepositories#DevelopmentalStage>  <http://www.semanticweb.org/alicia/ontologies/2020/8/singleCellRepositories#Disease>  <http://www.semanticweb.org/alicia/ontologies/2020/8/singleCellRepositories#Downloads>  <http://www.semanticweb.org/alicia/ontologies/2020/8/singleCellRepositories#Kingdom>  <http://www.semanticweb.org/alicia/ontologies/2020/8/singleCellRepositories#Method>  <http://www.semanticweb.org/alicia/ontologies/2020/8/singleCellRepositories#Project>  <http://www.semanticweb.org/alicia/ontologies/2020/8/singleCellRepositories#Specie>  <http://www.semanticweb.org/alicia/ontologies/2020/8/singleCellRepositories#Specimen>
 DisjointClasses: <http://www.semanticweb.org/alicia/ontologies/2020/8/singleCellRepositories#Disease>  <http://www.semanticweb.org/alicia/ontologies/2020/8/singleCellRepositories#Downloads>  <http://www.semanticweb.org/alicia/ontologies/2020/8/singleCellRepositories#Kingdom>  <http://www.semanticweb.org/alicia/ontologies/2020/8/singleCellRepositories#Method>  <http://www.semanticweb.org/alicia/ontologies/2020/8/singleCellRepositories#OrganismPart>  <http://www.semanticweb.org/alicia/ontologies/2020/8/singleCellRepositories#Project>  <http://www.semanticweb.org/alicia/ontologies/2020/8/singleCellRepositories#Specie>  <http://www.semanticweb.org/alicia/ontologies/2020/8/singleCellRepositories#Specimen>
<http://www.semanticweb.org/alicia/ontologies/2020/8/singleCellRepositories#Preservation> SubClassOf <http://www.semanticweb.org/alicia/ontologies/2020/8/singleCellRepositories#Method>
 DisjointClasses: <http://www.semanticweb.org/alicia/ontologies/2020/8/singleCellRepositories#AnalysisProtocol>  <http://www.semanticweb.org/alicia/ontologies/2020/8/singleCellRepositories#InstrumentModel>  <http://www.semanticweb.org/alicia/ontologies/2020/8/singleCellRepositories#Library>  <http://www.semanticweb.org/alicia/ontologies/2020/8/singleCellRepositories#Preservation>
<http://www.semanticweb.org/alicia/ontologies/2020/8/singleCellRepositories#BloodCell> SubClassOf <http://www.semanticweb.org/alicia/ontologies/2020/8/singleCellRepositories#HematopoieticCell>
<http://www.semanticweb.org/alicia/ontologies/2020/8/singleCellRepositories#OxygenAccumulatingCell> SubClassOf <http://www.semanticweb.org/alicia/ontologies/2020/8/singleCellRepositories#NativeCells>
<http://www.semanticweb.org/alicia/ontologies/2020/8/singleCellRepositories#ConnectiveTissue> SubClassOf <http://www.semanticweb.org/alicia/ontologies/2020/8/singleCellRepositories#Tissue>
